// Jest Snapshot v1, https://goo.gl/fbAQLP

exports[`HookApp tests it should render HookAppm properly 1`] = `
<div>
  <h1>
    Hello world
  </h1>
</div>
`;
